// Jest Snapshot v1, https://goo.gl/fbAQLP

exports[`TheDate Component renders the UI as expected 1`] = `
<div
  className="theDate"
>
  4/25/2020, 11:38:26 AM
</div>
`;
